// Jest Snapshot v1, https://goo.gl/fbAQLP

exports[`beforeEach is executed before each test in current/child describe blocks 1`] = `
"start_describe_definition: describe
add_hook: beforeEach
add_test: one
add_test: two
start_describe_definition: 2nd level describe
add_hook: beforeEach
add_test: 2nd level test
start_describe_definition: 3rd level describe
add_test: 3rd level test
add_test: 3rd level test#2
finish_describe_definition: 3rd level describe
finish_describe_definition: 2nd level describe
finish_describe_definition: describe
start_describe_definition: 2nd describe
add_hook: beforeEach
add_test: 2nd describe test
finish_describe_definition: 2nd describe
run_start
run_describe_start: ROOT_DESCRIBE_BLOCK
run_describe_start: describe
test_start: one
hook_start: beforeEach
hook_success: beforeEach
test_fn_start: one
test_fn_success: one
test_done: one
test_start: two
hook_start: beforeEach
hook_success: beforeEach
test_fn_start: two
test_fn_success: two
test_done: two
run_describe_start: 2nd level describe
test_start: 2nd level test
hook_start: beforeEach
hook_success: beforeEach
hook_start: beforeEach
hook_success: beforeEach
test_fn_start: 2nd level test
test_fn_success: 2nd level test
test_done: 2nd level test
run_describe_start: 3rd level describe
test_start: 3rd level test
hook_start: beforeEach
hook_success: beforeEach
hook_start: beforeEach
hook_success: beforeEach
test_fn_start: 3rd level test
test_fn_success: 3rd level test
test_done: 3rd level test
test_start: 3rd level test#2
hook_start: beforeEach
hook_success: beforeEach
hook_start: beforeEach
hook_success: beforeEach
test_fn_start: 3rd level test#2
test_fn_success: 3rd level test#2
test_done: 3rd level test#2
run_describe_finish: 3rd level describe
run_describe_finish: 2nd level describe
run_describe_finish: describe
run_describe_start: 2nd describe
test_start: 2nd describe test
hook_start: beforeEach
hook_failure: beforeEach
test_fn_start: 2nd describe test
test_done: 2nd describe test
run_describe_finish: 2nd describe
run_describe_finish: ROOT_DESCRIBE_BLOCK
run_finish

unhandledErrors: 0
"
`;
